// Jest Snapshot v1, https://goo.gl/fbAQLP

exports[`<ProductPage /> should render with no errors 1`] = `
<div>
  <WithStyles(Header)
    handleSubmit={[Function]}
  />
  <ProductList
    productItems={Array []}
  />
</div>
`;
